Microchip MPLAB XC8 Compiler V2.31

Linker command line:

-W-3 --edf=C:\Program Files\Microchip\xc8\v2.31\pic\dat\en_msgs.txt -cn \
  -h+dist/default/production\pic18f16q41-uart-hello-world-mplab-mcc.X.production.sym \
  --cmf=dist/default/production\pic18f16q41-uart-hello-world-mplab-mcc.X.production.cmf \
  -z -Q18F16Q41 -oC:\Users\C63402\AppData\Local\Temp\sf0o.2 \
  --defsym=__MPLAB_BUILD=1 \
  -Mdist/default/production/pic18f16q41-uart-hello-world-mplab-mcc.X.production.map \
  -E1 -ver=XC8 Compiler --acfsm=1493 -ASTACK=0580h-015FFh -pstack=STACK \
  -ACODE=00h-0FFFFh -ACONST=00h-0FFFFh -ASMALLCONST=01600h-016FFhx234 \
  -AMEDIUMCONST=01600h-0FFFFh -ACOMRAM=0501h-055Fh -AABS1=0500h-015FFh \
  -ABIGRAM=0501h-015FFh -ARAM=0560h-05FFh,0600h-06FFhx16 \
  -ABANK5=0560h-05FFh -ABANK6=0600h-06FFh -ABANK7=0700h-07FFh \
  -ABANK8=0800h-08FFh -ABANK9=0900h-09FFh -ABANK10=0A00h-0AFFh \
  -ABANK11=0B00h-0BFFh -ABANK12=0C00h-0CFFh -ABANK13=0D00h-0DFFh \
  -ABANK14=0E00h-0EFFh -ABANK15=0F00h-0FFFh -ABANK16=01000h-010FFh \
  -ABANK17=01100h-011FFh -ABANK18=01200h-012FFh -ABANK19=01300h-013FFh \
  -ABANK20=01400h-014FFh -ABANK21=01500h-015FFh \
  -ASFR=00h-0FFhx4,0400h-045Fh,0460h-04FFh -ACONFIG=0300000h-0300011h \
  -AIDLOC=0200000h-020001Fh -AEEDATA=0380000h-03803FFh -peeprom_data=EEDATA \
  -preset_vec=00h -ppowerup=CODE,init -pramtop=01600h \
  -psmallconst=SMALLCONST -pmediumconst=MEDIUMCONST -pconst=CONST \
  -AFARRAM=00h-00h \
  -prdata=COMRAM,nvrram=COMRAM,nvbit=COMRAM,rbss=COMRAM,rbit=COMRAM \
  -pfarbss=FARRAM,fardata=FARRAM,nvFARRAM=FARRAM \
  -pintsave_regs=BIGRAM,bigbss=BIGRAM,bigdata=BIGRAM -pbss=RAM \
  -pidata=CODE,irdata=CODE,ibigdata=CODE,ifardata=CODE -prparam=COMRAM \
  C:\Users\C63402\AppData\Local\Temp\sf0o.o \
  dist/default/production\pic18f16q41-uart-hello-world-mplab-mcc.X.production.o 

Object code version is 3.11

Machine type is 18F16Q41



                Name                               Link     Load   Length Selector   Space Scale
C:\Users\C63402\AppData\Local\Temp\sf0o.o
                idloc                            200000   200000       20        0       5
                config                           300000   300000        A        0       4
                init                               FFFC     FFFC        4     7FFE       0
                reset_vec                             0        0        4        0       0
dist/default/production\pic18f16q41-uart-hello-world-mplab-mcc.X.production.o
                idloc                            200000   200000       20        0       5
                config                           300000   300000        A        0       4
                smallconst                         1600     1600       2C      B00       0
                text21                             19FC     19FC       24      B16       0
                text20                             1ACC     1ACC        A      B16       0
                text19                             1AC2     1AC2        A      B16       0
                text18                             1AB8     1AB8        A      B16       0
                text17                             19A2     19A2       34      B16       0
                text16                             186A     186A       84      B16       0
                text15                             1AAE     1AAE        A      B16       0
                text14                             1AA4     1AA4        A      B16       0
                text13                             1A9A     1A9A        A      B16       0
                text12                             1A90     1A90        A      B16       0
                text11                             1A86     1A86        A      B16       0
                text10                             1A7C     1A7C        A      B16       0
                text9                              1A72     1A72        A      B16       0
                text8                              1738     1738       9C      B16       0
                text7                              1A56     1A56       12      B16       0
                text6                              1A3E     1A3E       18      B16       0
                text5                              1A68     1A68        A      B16       0
                text4                              17D4     17D4       96      B16       0
                text3                              162C     162C      10C      B16       0
                text2                              18EE     18EE       64      B16       0
                text1                              19D6     19D6       26      B16       0
                text0                              1952     1952       50      B16       0
                cstackCOMRAM                        528      528       21      501       1
                bssBANK5                            560      560       20      560       1
                bssCOMRAM                           501      501       27      501       1
                cinit                              1A20     1A20       1E      B16       0
                nvCOMRAM                            549      549       14      501       1

TOTAL           Name                               Link     Load   Length     Space
        CLASS   STACK          

        CLASS   CODE           
                init                               FFFC     FFFC        4         0
                reset_vec                             0        0        4         0
                text21                             19FC     19FC       24         0
                text20                             1ACC     1ACC        A         0
                text19                             1AC2     1AC2        A         0
                text18                             1AB8     1AB8        A         0
                text17                             19A2     19A2       34         0
                text16                             186A     186A       84         0
                text15                             1AAE     1AAE        A         0
                text14                             1AA4     1AA4        A         0
                text13                             1A9A     1A9A        A         0
                text12                             1A90     1A90        A         0
                text11                             1A86     1A86        A         0
                text10                             1A7C     1A7C        A         0
                text9                              1A72     1A72        A         0
                text8                              1738     1738       9C         0
                text7                              1A56     1A56       12         0
                text6                              1A3E     1A3E       18         0
                text5                              1A68     1A68        A         0
                text4                              17D4     17D4       96         0
                text3                              162C     162C      10C         0
                text2                              18EE     18EE       64         0
                text1                              19D6     19D6       26         0
                text0                              1952     1952       50         0
                cinit                              1A20     1A20       1E         0

        CLASS   CONST          

        CLASS   SMALLCONST     
                smallconst                         1600     1600       2C         0

        CLASS   MEDIUMCONST    

        CLASS   COMRAM         
                cstackCOMRAM                        528      528       21         1
                bssCOMRAM                           501      501       27         1
                nvCOMRAM                            549      549       14         1

        CLASS   ABS1           

        CLASS   BIGRAM         

        CLASS   RAM            

        CLASS   BANK5          
                bssBANK5                            560      560       20         1

        CLASS   BANK6          

        CLASS   BANK7          

        CLASS   BANK8          

        CLASS   BANK9          

        CLASS   BANK10         

        CLASS   BANK11         

        CLASS   BANK12         

        CLASS   BANK13         

        CLASS   BANK14         

        CLASS   BANK15         

        CLASS   BANK16         

        CLASS   BANK17         

        CLASS   BANK18         

        CLASS   BANK19         

        CLASS   BANK20         

        CLASS   BANK21         

        CLASS   SFR            

        CLASS   CONFIG         
                config                           300000   300000        A         4

        CLASS   IDLOC          
                idloc                            200000   200000       20         5

        CLASS   EEDATA         

        CLASS   FARRAM         



SEGMENTS        Name                           Load    Length   Top    Selector   Space  Class

                reset_vec                      000000  000004  000004         0       0  CODE    
                bssCOMRAM                      000501  00005C  00055D       501       1  COMRAM  
                bssBANK5                       000560  000020  000580       560       1  BANK5   
                smallconst                     001600  00002C  00162C       B00       0  SMALLCON
                text3                          00162C  0004AA  001AD6       B16       0  CODE    
                init                           00FFFC  000004  010000      7FFE       0  CODE    


UNUSED ADDRESS RANGES

        Name                Unused          Largest block    Delta
        BANK10           000A00-000AFF              100
        BANK11           000B00-000BFF              100
        BANK12           000C00-000CFF              100
        BANK13           000D00-000DFF              100
        BANK14           000E00-000EFF              100
        BANK15           000F00-000FFF              100
        BANK16           001000-0010FF              100
        BANK17           001100-0011FF              100
        BANK18           001200-0012FF              100
        BANK19           001300-0013FF              100
        BANK20           001400-0014FF              100
        BANK21           001500-0015FF              100
        BANK5            000580-0005FF               80
        BANK6            000600-0006FF              100
        BANK7            000700-0007FF              100
        BANK8            000800-0008FF              100
        BANK9            000900-0009FF              100
        BIGRAM           00055D-00055F                3
                         000580-0015FF             1080
        CODE             000004-0015FF             15FC
                         001AD6-00FFFB             E526
        COMRAM           00055D-00055F                3
        CONFIG           30000A-300011                8
        CONST            000004-0015FF             15FC
                         001AD6-00FFFB             E526
        EEDATA           380000-3803FF              400
        MEDIUMCONST      001AD6-00FFFB             E526
        RAM              000580-0015FF              100
        SFR              000000-0004FF              100
        SMALLCONST       001AD6-00FFFB              100
        STACK            000580-0015FF             1080

                                  Symbol Table

?_printf                                               cstackCOMRAM 000541
?_vfpfcnvrt                                            cstackCOMRAM 000533
?_vfprintf                                             cstackCOMRAM 000539
INT0_SetInterruptHandler@InterruptHandler              cstackCOMRAM 000528
INT1_SetInterruptHandler@InterruptHandler              cstackCOMRAM 000528
INT2_SetInterruptHandler@InterruptHandler              cstackCOMRAM 000528
UART2_SetErrorHandler@interruptHandler                 cstackCOMRAM 000528
UART2_SetFramingErrorHandler@interruptHandler          cstackCOMRAM 000528
UART2_SetFramingErrorInterruptHandler@InterruptHandler cstackCOMRAM 000528
UART2_SetOverrunErrorHandler@interruptHandler          cstackCOMRAM 000528
UART2_SetRxInterruptHandler@InterruptHandler           cstackCOMRAM 000528
UART2_SetTxInterruptHandler@InterruptHandler           cstackCOMRAM 000528
UART2_SetUartInterruptHandler@InterruptHandler         cstackCOMRAM 000528
UART2_Write@txData                                     cstackCOMRAM 000528
_ACTCON                                                (abs)        0000AC
_ANSELA                                                (abs)        000400
_ANSELB                                                (abs)        000408
_ANSELC                                                (abs)        000410
_CLOCK_Initialize                                      text21       0019FC
_INLVLA                                                (abs)        000404
_INLVLB                                                (abs)        00040C
_INLVLC                                                (abs)        000414
_INT0_DefaultInterruptHandler                          (abs)        000000
_INT0_InterruptHandler                                 nvCOMRAM     000553
_INT0_SetInterruptHandler                              text20       001ACC
_INT1_DefaultInterruptHandler                          (abs)        000000
_INT1_InterruptHandler                                 nvCOMRAM     000551
_INT1_SetInterruptHandler                              text19       001AC2
_INT2_DefaultInterruptHandler                          (abs)        000000
_INT2_InterruptHandler                                 nvCOMRAM     00054F
_INT2_SetInterruptHandler                              text18       001AB8
_INTCON0bits                                           (abs)        0004D6
_INTERRUPT_Initialize                                  text17       0019A2
_IOCAF                                                 (abs)        000407
_IOCAN                                                 (abs)        000406
_IOCAP                                                 (abs)        000405
_IOCBF                                                 (abs)        00040F
_IOCBN                                                 (abs)        00040E
_IOCBP                                                 (abs)        00040D
_IOCCF                                                 (abs)        000417
_IOCCN                                                 (abs)        000416
_IOCCP                                                 (abs)        000415
_LATA                                                  (abs)        0004BE
_LATB                                                  (abs)        0004BF
_LATC                                                  (abs)        0004C0
_LATCbits                                              (abs)        0004C0
_ODCONA                                                (abs)        000402
_ODCONB                                                (abs)        00040A
_ODCONC                                                (abs)        000412
_OSCCON1                                               (abs)        0000AD
_OSCCON2                                               (abs)        0000AE
_OSCCON3                                               (abs)        0000AF
_OSCEN                                                 (abs)        0000B3
_OSCFRQ                                                (abs)        0000B1
_OSCSTAT                                               (abs)        0000B2
_OSCTUNE                                               (abs)        0000B0
_PIE8bits                                              (abs)        0004B0
_PIN_MANAGER_Initialize                                text16       00186A
_PIR10bits                                             (abs)        0004BD
_PIR1bits                                              (abs)        0004B4
_PIR6bits                                              (abs)        0004B9
_PIR8bits                                              (abs)        0004BB
_RB7PPS                                                (abs)        000210
_SLRCONA                                               (abs)        000403
_SLRCONB                                               (abs)        00040B
_SLRCONC                                               (abs)        000413
_SYSTEM_Initialize                                     text7        001A56
_TRISA                                                 (abs)        0004C6
_TRISB                                                 (abs)        0004C7
_TRISC                                                 (abs)        0004C8
_U2BRGH                                                (abs)        0002C2
_U2BRGL                                                (abs)        0002C1
_U2CON0                                                (abs)        0002BE
_U2CON0bits                                            (abs)        0002BE
_U2CON1                                                (abs)        0002BF
_U2CON2                                                (abs)        0002C0
_U2ERRIE                                               (abs)        0002C6
_U2ERRIR                                               (abs)        0002C5
_U2ERRIRbits                                           (abs)        0002C5
_U2FIFO                                                (abs)        0002C3
_U2P1L                                                 (abs)        0002B8
_U2P2L                                                 (abs)        0002BA
_U2P3L                                                 (abs)        0002BC
_U2RXB                                                 (abs)        0002B4
_U2RXPPS                                               (abs)        000274
_U2TXB                                                 (abs)        0002B6
_U2UIR                                                 (abs)        0002C4
_U2UIRbits                                             (abs)        0002C4
_UART2_DefaultErrorHandler                             (abs)        000000
_UART2_DefaultFramingErrorHandler                      (abs)        000000
_UART2_DefaultOverrunErrorHandler                      (abs)        000000
_UART2_ErrorHandler                                    nvCOMRAM     000549
_UART2_FramingErrorHandler                             nvCOMRAM     00054D
_UART2_FramingErrorInterruptHandler                    nvCOMRAM     000557
_UART2_FramingError_ISR                                (abs)        000000
_UART2_Initialize                                      text8        001738
_UART2_Interface                                       smallconst   001601
_UART2_IsRxReady                                       (abs)        000000
_UART2_IsTxDone                                        (abs)        000000
_UART2_IsTxReady                                       (abs)        000000
_UART2_OverrunErrorHandler                             nvCOMRAM     00054B
_UART2_Read                                            (abs)        000000
_UART2_Receive_ISR                                     (abs)        000000
_UART2_RxInterruptHandler                              nvCOMRAM     00055B
_UART2_SetErrorHandler                                 text15       001AAE
_UART2_SetFramingErrorHandler                          text14       001AA4
_UART2_SetFramingErrorInterruptHandler                 text13       001A9A
_UART2_SetOverrunErrorHandler                          text12       001A90
_UART2_SetRxInterruptHandler                           text11       001A86
_UART2_SetTxInterruptHandler                           text10       001A7C
_UART2_SetUartInterruptHandler                         text9        001A72
_UART2_Transmit_ISR                                    (abs)        000000
_UART2_TxInterruptHandler                              nvCOMRAM     000559
_UART2_UARTInterruptHandler                            nvCOMRAM     000555
_UART2_UartInterrupt_ISR                               (abs)        000000
_UART2_Write                                           text6        001A3E
_WPUA                                                  (abs)        000401
_WPUB                                                  (abs)        000409
_WPUC                                                  (abs)        000411
__HRAM                                                 (abs)        000000
__Habs1                                                abs1         000000
__Hbank10                                              bank10       000000
__Hbank11                                              bank11       000000
__Hbank12                                              bank12       000000
__Hbank13                                              bank13       000000
__Hbank14                                              bank14       000000
__Hbank15                                              bank15       000000
__Hbank16                                              bank16       000000
__Hbank17                                              bank17       000000
__Hbank18                                              bank18       000000
__Hbank19                                              bank19       000000
__Hbank20                                              bank20       000000
__Hbank21                                              bank21       000000
__Hbank5                                               bank5        000000
__Hbank6                                               bank6        000000
__Hbank7                                               bank7        000000
__Hbank8                                               bank8        000000
__Hbank9                                               bank9        000000
__Hbigbss                                              bigbss       000000
__Hbigdata                                             bigdata      000000
__Hbigram                                              bigram       000000
__Hbss                                                 bss          000000
__HbssBANK5                                            bssBANK5     000000
__HbssCOMRAM                                           bssCOMRAM    000000
__Hcinit                                               cinit        000000
__Hclrtext                                             clrtext      000000
__Hcomram                                              comram       000000
__Hconfig                                              config       30000A
__Hconst                                               const        000000
__HcstackCOMRAM                                        cstackCOMRAM 000000
__Hdata                                                data         000000
__Heeprom_data                                         eeprom_data  000000
__Hfarbss                                              farbss       000000
__Hfardata                                             fardata      000000
__Hibigdata                                            ibigdata     000000
__Hidata                                               idata        000000
__Hidloc                                               idloc        200020
__Hifardata                                            ifardata     000000
__Hinit                                                init         010000
__Hintsave_regs                                        intsave_regs 000000
__Hirdata                                              irdata       000000
__Hmediumconst                                         mediumconst  000000
__HnvCOMRAM                                            nvCOMRAM     000000
__HnvFARRAM                                            nvFARRAM     000000
__Hnvbit                                               nvbit        000000
__Hnvrram                                              nvrram       000000
__Hparam                                               rparam       000000
__Hpowerup                                             powerup      000000
__Hram                                                 ram          000000
__Hramtop                                              ramtop       001600
__Hrbit                                                rbit         000000
__Hrbss                                                rbss         000000
__Hrdata                                               rdata        000000
__Hreset_vec                                           reset_vec    000004
__Hrparam                                              rparam       000000
__Hsfr                                                 sfr          000000
__Hsmallconst                                          smallconst   00162C
__Hspace_0                                             (abs)        010000
__Hspace_1                                             (abs)        000580
__Hspace_2                                             (abs)        000000
__Hspace_4                                             (abs)        60000A
__Hstack                                               stack        000000
__Hstruct                                              struct       000000
__Htemp                                                temp         000000
__Htext                                                text         000000
__Htext0                                               text0        000000
__Htext1                                               text1        000000
__Htext10                                              text10       000000
__Htext11                                              text11       000000
__Htext12                                              text12       000000
__Htext13                                              text13       000000
__Htext14                                              text14       000000
__Htext15                                              text15       000000
__Htext16                                              text16       000000
__Htext17                                              text17       000000
__Htext18                                              text18       000000
__Htext19                                              text19       000000
__Htext2                                               text2        000000
__Htext20                                              text20       000000
__Htext21                                              text21       000000
__Htext22                                              text22       000000
__Htext3                                               text3        000000
__Htext4                                               text4        000000
__Htext5                                               text5        000000
__Htext6                                               text6        000000
__Htext7                                               text7        000000
__Htext8                                               text8        000000
__Htext9                                               text9        000000
__LRAM                                                 (abs)        000001
__Labs1                                                abs1         000000
__Lbank10                                              bank10       000000
__Lbank11                                              bank11       000000
__Lbank12                                              bank12       000000
__Lbank13                                              bank13       000000
__Lbank14                                              bank14       000000
__Lbank15                                              bank15       000000
__Lbank16                                              bank16       000000
__Lbank17                                              bank17       000000
__Lbank18                                              bank18       000000
__Lbank19                                              bank19       000000
__Lbank20                                              bank20       000000
__Lbank21                                              bank21       000000
__Lbank5                                               bank5        000000
__Lbank6                                               bank6        000000
__Lbank7                                               bank7        000000
__Lbank8                                               bank8        000000
__Lbank9                                               bank9        000000
__Lbigbss                                              bigbss       000000
__Lbigdata                                             bigdata      000000
__Lbigram                                              bigram       000000
__Lbss                                                 bss          000000
__LbssBANK5                                            bssBANK5     000000
__LbssCOMRAM                                           bssCOMRAM    000000
__Lcinit                                               cinit        000000
__Lclrtext                                             clrtext      000000
__Lcomram                                              comram       000000
__Lconfig                                              config       000000
__Lconst                                               const        000000
__LcstackCOMRAM                                        cstackCOMRAM 000000
__Ldata                                                data         000000
__Leeprom_data                                         eeprom_data  000000
__Lfarbss                                              farbss       000000
__Lfardata                                             fardata      000000
__Libigdata                                            ibigdata     000000
__Lidata                                               idata        000000
__Lidloc                                               idloc        000000
__Lifardata                                            ifardata     000000
__Linit                                                init         00FFFC
__Lintsave_regs                                        intsave_regs 000000
__Lirdata                                              irdata       000000
__Lmediumconst                                         mediumconst  000000
__LnvCOMRAM                                            nvCOMRAM     000000
__LnvFARRAM                                            nvFARRAM     000000
__Lnvbit                                               nvbit        000000
__Lnvrram                                              nvrram       000000
__Lparam                                               rparam       000000
__Lpowerup                                             powerup      000000
__Lram                                                 ram          000000
__Lramtop                                              ramtop       001600
__Lrbit                                                rbit         000000
__Lrbss                                                rbss         000000
__Lrdata                                               rdata        000000
__Lreset_vec                                           reset_vec    000000
__Lrparam                                              rparam       000000
__Lsfr                                                 sfr          000000
__Lsmallconst                                          smallconst   001600
__Lspace_0                                             (abs)        000000
__Lspace_1                                             (abs)        000000
__Lspace_2                                             (abs)        000000
__Lspace_4                                             (abs)        000000
__Lstack                                               stack        000000
__Lstruct                                              struct       000000
__Ltemp                                                temp         000000
__Ltext                                                text         000000
__Ltext0                                               text0        000000
__Ltext1                                               text1        000000
__Ltext10                                              text10       000000
__Ltext11                                              text11       000000
__Ltext12                                              text12       000000
__Ltext13                                              text13       000000
__Ltext14                                              text14       000000
__Ltext15                                              text15       000000
__Ltext16                                              text16       000000
__Ltext17                                              text17       000000
__Ltext18                                              text18       000000
__Ltext19                                              text19       000000
__Ltext2                                               text2        000000
__Ltext20                                              text20       000000
__Ltext21                                              text21       000000
__Ltext22                                              text22       000000
__Ltext3                                               text3        000000
__Ltext4                                               text4        000000
__Ltext5                                               text5        000000
__Ltext6                                               text6        000000
__Ltext7                                               text7        000000
__Ltext8                                               text8        000000
__Ltext9                                               text9        000000
__S0                                                   (abs)        010000
__S1                                                   (abs)        000580
__S2                                                   (abs)        000000
__S4                                                   (abs)        000000
__S5                                                   (abs)        000000
___inthi_sp                                            stack        000000
___intlo_sp                                            stack        000000
___param_bank                                          (abs)        000000
___rparam_used                                         (abs)        000001
___sp                                                  stack        000000
__accesstop                                            (abs)        000560
__activetblptr                                         (abs)        000003
__end_of_CLOCK_Initialize                              text21       001A20
__end_of_INT0_SetInterruptHandler                      text20       001AD6
__end_of_INT1_SetInterruptHandler                      text19       001ACC
__end_of_INT2_SetInterruptHandler                      text18       001AC2
__end_of_INTERRUPT_Initialize                          text17       0019D6
__end_of_PIN_MANAGER_Initialize                        text16       0018EE
__end_of_SYSTEM_Initialize                             text7        001A68
__end_of_UART2_Initialize                              text8        0017D4
__end_of_UART2_Interface                               smallconst   00161B
__end_of_UART2_SetErrorHandler                         text15       001AB8
__end_of_UART2_SetFramingErrorHandler                  text14       001AAE
__end_of_UART2_SetFramingErrorInterruptHandler         text13       001AA4
__end_of_UART2_SetOverrunErrorHandler                  text12       001A9A
__end_of_UART2_SetRxInterruptHandler                   text11       001A90
__end_of_UART2_SetTxInterruptHandler                   text10       001A86
__end_of_UART2_SetUartInterruptHandler                 text9        001A7C
__end_of_UART2_Write                                   text6        001A56
__end_of__initialization                               cinit        001A38
__end_of_fputc                                         text4        00186A
__end_of_main                                          text0        0019A2
__end_of_printf                                        text1        0019FC
__end_of_putch                                         text5        001A72
__end_of_vfpfcnvrt                                     text3        001738
__end_of_vfprintf                                      text2        001952
__initialization                                       cinit        001A20
__mediumconst                                          mediumconst  000000
__pbssBANK5                                            bssBANK5     000560
__pbssCOMRAM                                           bssCOMRAM    000501
__pcinit                                               cinit        001A20
__pcstackCOMRAM                                        cstackCOMRAM 000528
__pnvCOMRAM                                            nvCOMRAM     000549
__psmallconst                                          smallconst   001600
__ptext0                                               text0        001952
__ptext1                                               text1        0019D6
__ptext10                                              text10       001A7C
__ptext11                                              text11       001A86
__ptext12                                              text12       001A90
__ptext13                                              text13       001A9A
__ptext14                                              text14       001AA4
__ptext15                                              text15       001AAE
__ptext16                                              text16       00186A
__ptext17                                              text17       0019A2
__ptext18                                              text18       001AB8
__ptext19                                              text19       001AC2
__ptext2                                               text2        0018EE
__ptext20                                              text20       001ACC
__ptext21                                              text21       0019FC
__ptext22                                              text22       000000
__ptext3                                               text3        00162C
__ptext4                                               text4        0017D4
__ptext5                                               text5        001A68
__ptext6                                               text6        001A3E
__ptext7                                               text7        001A56
__ptext8                                               text8        001738
__ptext9                                               text9        001A72
__ramtop                                               ramtop       001600
__size_of_CLOCK_Initialize                             (abs)        000000
__size_of_INT0_SetInterruptHandler                     (abs)        000000
__size_of_INT1_SetInterruptHandler                     (abs)        000000
__size_of_INT2_SetInterruptHandler                     (abs)        000000
__size_of_INTERRUPT_Initialize                         (abs)        000000
__size_of_PIN_MANAGER_Initialize                       (abs)        000000
__size_of_SYSTEM_Initialize                            (abs)        000000
__size_of_UART2_Initialize                             (abs)        000000
__size_of_UART2_SetErrorHandler                        (abs)        000000
__size_of_UART2_SetFramingErrorHandler                 (abs)        000000
__size_of_UART2_SetFramingErrorInterruptHandler        (abs)        000000
__size_of_UART2_SetOverrunErrorHandler                 (abs)        000000
__size_of_UART2_SetRxInterruptHandler                  (abs)        000000
__size_of_UART2_SetTxInterruptHandler                  (abs)        000000
__size_of_UART2_SetUartInterruptHandler                (abs)        000000
__size_of_UART2_Write                                  (abs)        000000
__size_of_fputc                                        (abs)        000000
__size_of_main                                         (abs)        000000
__size_of_printf                                       (abs)        000000
__size_of_putch                                        (abs)        000000
__size_of_vfpfcnvrt                                    (abs)        000000
__size_of_vfprintf                                     (abs)        000000
__smallconst                                           smallconst   001600
_flags                                                 bssCOMRAM    00051F
_fputc                                                 text4        0017D4
_main                                                  text0        001952
_nout                                                  bssCOMRAM    000519
_prec                                                  bssCOMRAM    00051D
_printf                                                text1        0019D6
_putch                                                 text5        001A68
_uart2RxBuffer                                         bssCOMRAM    000509
_uart2RxCount                                          bssCOMRAM    000522
_uart2RxHead                                           bssCOMRAM    000524
_uart2RxLastError                                      bssCOMRAM    000521
_uart2RxStatusBuffer                                   bssCOMRAM    000501
_uart2RxTail                                           bssCOMRAM    000523
_uart2TxBuffer                                         bssCOMRAM    000511
_uart2TxBufferRemaining                                bssCOMRAM    000525
_uart2TxHead                                           bssCOMRAM    000527
_uart2TxTail                                           bssCOMRAM    000526
_vfpfcnvrt                                             text3        00162C
_vfprintf                                              text2        0018EE
_width                                                 bssCOMRAM    00051B
end_of_initialization                                  cinit        001A38
fputc@c                                                cstackCOMRAM 00052A
fputc@fp                                               cstackCOMRAM 00052C
intlevel0                                              text         000000
intlevel1                                              text         000000
intlevel2                                              text         000000
intlevel3                                              text         000000
printf@ap                                              cstackCOMRAM 000545
printf@fmt                                             cstackCOMRAM 000541
putch@txData                                           cstackCOMRAM 000529
stackhi                                                (abs)        0015FF
stacklo                                                (abs)        000580
start                                                  init         00FFFC
start_initialization                                   cinit        001A20
vfpfcnvrt@ap                                           cstackCOMRAM 000537
vfpfcnvrt@fmt                                          cstackCOMRAM 000535
vfpfcnvrt@fp                                           cstackCOMRAM 000533
vfprintf@ap                                            cstackCOMRAM 00053D
vfprintf@cfmt                                          cstackCOMRAM 00053F
vfprintf@fmt                                           cstackCOMRAM 00053B
vfprintf@fp                                            cstackCOMRAM 000539


FUNCTION INFORMATION:

 *************** function _main *****************
 Defined at:
		line 40 in file "main.c"
 Parameters:    Size  Location     Type
		None
 Auto vars:     Size  Location     Type
		None
 Return value:  Size  Location     Type
                  2  429[None  ] int 
 Registers used:
		wreg, fsr1l, fsr1h, fsr2l, fsr2h, status,2, status,0, tblptrl, tblptrh, tblptru, cstack
 Tracked objects:
		On entry : 
		On exit  : 
		Unchanged: 
 Data sizes:     COMRAM   BANK5   BANK6   BANK7   BANK8   BANK9  BANK10  BANK11  BANK12  BANK13  BANK14  BANK15  BANK16  BANK17  BANK18  BANK19  BANK20  BANK21
      Params:         0       0       0       0       0       0       0       0       0       0       0       0       0       0       0       0       0       0
      Locals:         0       0       0       0       0       0       0       0       0       0       0       0       0       0       0       0       0       0
      Temps:          2       0       0       0       0       0       0       0       0       0       0       0       0       0       0       0       0       0
      Totals:         2       0       0       0       0       0       0       0       0       0       0       0       0       0       0       0       0       0
Total ram usage:        2 bytes
 Hardware stack levels required when called:    6
 This function calls:
		_SYSTEM_Initialize
		_printf
 This function is called by:
		Startup code after reset
 This function uses a non-reentrant model


 *************** function _printf *****************
 Defined at:
		line 5 in file "C:\Program Files\Microchip\xc8\v2.31\pic\sources\c99\common\printf.c"
 Parameters:    Size  Location     Type
  fmt             2   25[COMRAM] PTR const unsigned char 
		 -> STR_1(15), 
 Auto vars:     Size  Location     Type
  ap              2   29[COMRAM] PTR void [1]
		 -> ?_printf(2), 
  ret             2    0        int 
 Return value:  Size  Location     Type
                  2   25[COMRAM] int 
 Registers used:
		wreg, fsr1l, fsr1h, fsr2l, fsr2h, status,2, status,0, tblptrl, tblptrh, tblptru, cstack
 Tracked objects:
		On entry : 
		On exit  : 
		Unchanged: 
 Data sizes:     COMRAM   BANK5   BANK6   BANK7   BANK8   BANK9  BANK10  BANK11  BANK12  BANK13  BANK14  BANK15  BANK16  BANK17  BANK18  BANK19  BANK20  BANK21
      Params:         2       0       0       0       0       0       0       0       0       0       0       0       0       0       0       0       0       0
      Locals:         4       0       0       0       0       0       0       0       0       0       0       0       0       0       0       0       0       0
      Temps:          0       0       0       0       0       0       0       0       0       0       0       0       0       0       0       0       0       0
      Totals:         6       0       0       0       0       0       0       0       0       0       0       0       0       0       0       0       0       0
Total ram usage:        6 bytes
 Hardware stack levels used:    1
 Hardware stack levels required when called:    5
 This function calls:
		_vfprintf
 This function is called by:
		_main
 This function uses a non-reentrant model


 *************** function _vfprintf *****************
 Defined at:
		line 1390 in file "C:\Program Files\Microchip\xc8\v2.31\pic\sources\c99\common\doprnt.c"
 Parameters:    Size  Location     Type
  fp              2   17[COMRAM] PTR struct _IO_FILE
		 -> NULL(0), 
  fmt             2   19[COMRAM] PTR const unsigned char 
		 -> STR_1(15), 
  ap              2   21[COMRAM] PTR PTR void 
		 -> printf@ap(2), 
 Auto vars:     Size  Location     Type
  cfmt            2   23[COMRAM] PTR unsigned char 
		 -> STR_1(15), 
 Return value:  Size  Location     Type
                  2   17[COMRAM] int 
 Registers used:
		wreg, fsr1l, fsr1h, fsr2l, fsr2h, status,2, status,0, tblptrl, tblptrh, tblptru, cstack
 Tracked objects:
		On entry : 
		On exit  : 
		Unchanged: 
 Data sizes:     COMRAM   BANK5   BANK6   BANK7   BANK8   BANK9  BANK10  BANK11  BANK12  BANK13  BANK14  BANK15  BANK16  BANK17  BANK18  BANK19  BANK20  BANK21
      Params:         6       0       0       0       0       0       0       0       0       0       0       0       0       0       0       0       0       0
      Locals:         2       0       0       0       0       0       0       0       0       0       0       0       0       0       0       0       0       0
      Temps:          0       0       0       0       0       0       0       0       0       0       0       0       0       0       0       0       0       0
      Totals:         8       0       0       0       0       0       0       0       0       0       0       0       0       0       0       0       0       0
Total ram usage:        8 bytes
 Hardware stack levels used:    1
 Hardware stack levels required when called:    4
 This function calls:
		_vfpfcnvrt
 This function is called by:
		_printf
 This function uses a non-reentrant model


 *************** function _vfpfcnvrt *****************
 Defined at:
		line 692 in file "C:\Program Files\Microchip\xc8\v2.31\pic\sources\c99\common\doprnt.c"
 Parameters:    Size  Location     Type
  fp              2   11[COMRAM] PTR struct _IO_FILE
		 -> NULL(0), 
  fmt             2   13[COMRAM] PTR PTR unsigned char 
		 -> vfprintf@cfmt(2), 
  ap              2   15[COMRAM] PTR PTR void 
		 -> printf@ap(2), 
 Auto vars:     Size  Location     Type
  llu             8    0        unsigned long long 
  ll              8    0        long long 
  f               4    0        long long 
  vp              3    0        PTR void 
  ct              3    0        unsigned char [3]
  cp              3    0        PTR unsigned char 
  i               2    0        int 
  done            2    0        int 
  c               1    0        unsigned char 
 Return value:  Size  Location     Type
                  2   11[COMRAM] int 
 Registers used:
		wreg, fsr1l, fsr1h, fsr2l, fsr2h, status,2, status,0, tblptrl, tblptrh, tblptru, cstack
 Tracked objects:
		On entry : 
		On exit  : 
		Unchanged: 
 Data sizes:     COMRAM   BANK5   BANK6   BANK7   BANK8   BANK9  BANK10  BANK11  BANK12  BANK13  BANK14  BANK15  BANK16  BANK17  BANK18  BANK19  BANK20  BANK21
      Params:         6       0       0       0       0       0       0       0       0       0       0       0       0       0       0       0       0       0
      Locals:         0       0       0       0       0       0       0       0       0       0       0       0       0       0       0       0       0       0
      Temps:          0       0       0       0       0       0       0       0       0       0       0       0       0       0       0       0       0       0
      Totals:         6       0       0       0       0       0       0       0       0       0       0       0       0       0       0       0       0       0
Total ram usage:        6 bytes
 Hardware stack levels used:    1
 Hardware stack levels required when called:    3
 This function calls:
		_fputc
 This function is called by:
		_vfprintf
 This function uses a non-reentrant model


 *************** function _fputc *****************
 Defined at:
		line 8 in file "C:\Program Files\Microchip\xc8\v2.31\pic\sources\c99\common\nf_fputc.c"
 Parameters:    Size  Location     Type
  c               2    2[COMRAM] int 
  fp              2    4[COMRAM] PTR struct _IO_FILE
		 -> NULL(0), 
 Auto vars:     Size  Location     Type
		None
 Return value:  Size  Location     Type
                  2    2[COMRAM] int 
 Registers used:
		wreg, fsr1l, fsr1h, fsr2l, fsr2h, status,2, status,0, cstack
 Tracked objects:
		On entry : 
		On exit  : 
		Unchanged: 
 Data sizes:     COMRAM   BANK5   BANK6   BANK7   BANK8   BANK9  BANK10  BANK11  BANK12  BANK13  BANK14  BANK15  BANK16  BANK17  BANK18  BANK19  BANK20  BANK21
      Params:         4       0       0       0       0       0       0       0       0       0       0       0       0       0       0       0       0       0
      Locals:         0       0       0       0       0       0       0       0       0       0       0       0       0       0       0       0       0       0
      Temps:          5       0       0       0       0       0       0       0       0       0       0       0       0       0       0       0       0       0
      Totals:         9       0       0       0       0       0       0       0       0       0       0       0       0       0       0       0       0       0
Total ram usage:        9 bytes
 Hardware stack levels used:    1
 Hardware stack levels required when called:    2
 This function calls:
		_putch
 This function is called by:
		_vfpfcnvrt
 This function uses a non-reentrant model


 *************** function _putch *****************
 Defined at:
		line 239 in file "mcc_generated_files/uart/src/uart2.c"
 Parameters:    Size  Location     Type
  txData          1    wreg     unsigned char 
 Auto vars:     Size  Location     Type
  txData          1    1[COMRAM] unsigned char 
 Return value:  Size  Location     Type
                  1    wreg      void 
 Registers used:
		wreg, status,2, cstack
 Tracked objects:
		On entry : 
		On exit  : 
		Unchanged: 
 Data sizes:     COMRAM   BANK5   BANK6   BANK7   BANK8   BANK9  BANK10  BANK11  BANK12  BANK13  BANK14  BANK15  BANK16  BANK17  BANK18  BANK19  BANK20  BANK21
      Params:         0       0       0       0       0       0       0       0       0       0       0       0       0       0       0       0       0       0
      Locals:         1       0       0       0       0       0       0       0       0       0       0       0       0       0       0       0       0       0
      Temps:          0       0       0       0       0       0       0       0       0       0       0       0       0       0       0       0       0       0
      Totals:         1       0       0       0       0       0       0       0       0       0       0       0       0       0       0       0       0       0
Total ram usage:        1 bytes
 Hardware stack levels used:    1
 Hardware stack levels required when called:    1
 This function calls:
		_UART2_Write
 This function is called by:
		_fputc
 This function uses a non-reentrant model


 *************** function _UART2_Write *****************
 Defined at:
		line 225 in file "mcc_generated_files/uart/src/uart2.c"
 Parameters:    Size  Location     Type
  txData          1    wreg     unsigned char 
 Auto vars:     Size  Location     Type
  txData          1    0[COMRAM] unsigned char 
 Return value:  Size  Location     Type
                  1    wreg      void 
 Registers used:
		wreg
 Tracked objects:
		On entry : 
		On exit  : 
		Unchanged: 
 Data sizes:     COMRAM   BANK5   BANK6   BANK7   BANK8   BANK9  BANK10  BANK11  BANK12  BANK13  BANK14  BANK15  BANK16  BANK17  BANK18  BANK19  BANK20  BANK21
      Params:         0       0       0       0       0       0       0       0       0       0       0       0       0       0       0       0       0       0
      Locals:         1       0       0       0       0       0       0       0       0       0       0       0       0       0       0       0       0       0
      Temps:          0       0       0       0       0       0       0       0       0       0       0       0       0       0       0       0       0       0
      Totals:         1       0       0       0       0       0       0       0       0       0       0       0       0       0       0       0       0       0
Total ram usage:        1 bytes
 Hardware stack levels used:    1
 This function calls:
		Nothing
 This function is called by:
		_putch
 This function uses a non-reentrant model


 *************** function _SYSTEM_Initialize *****************
 Defined at:
		line 62 in file "mcc_generated_files/system/src/system.c"
 Parameters:    Size  Location     Type
		None
 Auto vars:     Size  Location     Type
		None
 Return value:  Size  Location     Type
                  1    wreg      void 
 Registers used:
		wreg, status,2, status,0, cstack
 Tracked objects:
		On entry : 
		On exit  : 
		Unchanged: 
 Data sizes:     COMRAM   BANK5   BANK6   BANK7   BANK8   BANK9  BANK10  BANK11  BANK12  BANK13  BANK14  BANK15  BANK16  BANK17  BANK18  BANK19  BANK20  BANK21
      Params:         0       0       0       0       0       0       0       0       0       0       0       0       0       0       0       0       0       0
      Locals:         0       0       0       0       0       0       0       0       0       0       0       0       0       0       0       0       0       0
      Temps:          0       0       0       0       0       0       0       0       0       0       0       0       0       0       0       0       0       0
      Totals:         0       0       0       0       0       0       0       0       0       0       0       0       0       0       0       0       0       0
Total ram usage:        0 bytes
 Hardware stack levels used:    1
 Hardware stack levels required when called:    2
 This function calls:
		_CLOCK_Initialize
		_INTERRUPT_Initialize
		_PIN_MANAGER_Initialize
		_UART2_Initialize
 This function is called by:
		_main
 This function uses a non-reentrant model


 *************** function _UART2_Initialize *****************
 Defined at:
		line 111 in file "mcc_generated_files/uart/src/uart2.c"
 Parameters:    Size  Location     Type
		None
 Auto vars:     Size  Location     Type
		None
 Return value:  Size  Location     Type
                  1    wreg      void 
 Registers used:
		wreg, status,2, status,0, cstack
 Tracked objects:
		On entry : 
		On exit  : 
		Unchanged: 
 Data sizes:     COMRAM   BANK5   BANK6   BANK7   BANK8   BANK9  BANK10  BANK11  BANK12  BANK13  BANK14  BANK15  BANK16  BANK17  BANK18  BANK19  BANK20  BANK21
      Params:         0       0       0       0       0       0       0       0       0       0       0       0       0       0       0       0       0       0
      Locals:         0       0       0       0       0       0       0       0       0       0       0       0       0       0       0       0       0       0
      Temps:          0       0       0       0       0       0       0       0       0       0       0       0       0       0       0       0       0       0
      Totals:         0       0       0       0       0       0       0       0       0       0       0       0       0       0       0       0       0       0
Total ram usage:        0 bytes
 Hardware stack levels used:    1
 Hardware stack levels required when called:    1
 This function calls:
		_UART2_SetErrorHandler
		_UART2_SetFramingErrorHandler
		_UART2_SetFramingErrorInterruptHandler
		_UART2_SetOverrunErrorHandler
		_UART2_SetRxInterruptHandler
		_UART2_SetTxInterruptHandler
		_UART2_SetUartInterruptHandler
 This function is called by:
		_SYSTEM_Initialize
 This function uses a non-reentrant model


 *************** function _UART2_SetUartInterruptHandler *****************
 Defined at:
		line 346 in file "mcc_generated_files/uart/src/uart2.c"
 Parameters:    Size  Location     Type
  InterruptHan    2    0[COMRAM] PTR FTN()void 
		 -> UART2_UartInterrupt_ISR(1), 
 Auto vars:     Size  Location     Type
		None
 Return value:  Size  Location     Type
                  1    wreg      void 
 Registers used:
		wreg, status,2, status,0
 Tracked objects:
		On entry : 
		On exit  : 
		Unchanged: 
 Data sizes:     COMRAM   BANK5   BANK6   BANK7   BANK8   BANK9  BANK10  BANK11  BANK12  BANK13  BANK14  BANK15  BANK16  BANK17  BANK18  BANK19  BANK20  BANK21
      Params:         2       0       0       0       0       0       0       0       0       0       0       0       0       0       0       0       0       0
      Locals:         0       0       0       0       0       0       0       0       0       0       0       0       0       0       0       0       0       0
      Temps:          0       0       0       0       0       0       0       0       0       0       0       0       0       0       0       0       0       0
      Totals:         2       0       0       0       0       0       0       0       0       0       0       0       0       0       0       0       0       0
Total ram usage:        2 bytes
 Hardware stack levels used:    1
 This function calls:
		Nothing
 This function is called by:
		_UART2_Initialize
 This function uses a non-reentrant model


 *************** function _UART2_SetTxInterruptHandler *****************
 Defined at:
		line 338 in file "mcc_generated_files/uart/src/uart2.c"
 Parameters:    Size  Location     Type
  InterruptHan    2    0[COMRAM] PTR FTN()void 
		 -> UART2_Transmit_ISR(1), 
 Auto vars:     Size  Location     Type
		None
 Return value:  Size  Location     Type
                  1    wreg      void 
 Registers used:
		wreg, status,2, status,0
 Tracked objects:
		On entry : 
		On exit  : 
		Unchanged: 
 Data sizes:     COMRAM   BANK5   BANK6   BANK7   BANK8   BANK9  BANK10  BANK11  BANK12  BANK13  BANK14  BANK15  BANK16  BANK17  BANK18  BANK19  BANK20  BANK21
      Params:         2       0       0       0       0       0       0       0       0       0       0       0       0       0       0       0       0       0
      Locals:         0       0       0       0       0       0       0       0       0       0       0       0       0       0       0       0       0       0
      Temps:          0       0       0       0       0       0       0       0       0       0       0       0       0       0       0       0       0       0
      Totals:         2       0       0       0       0       0       0       0       0       0       0       0       0       0       0       0       0       0
Total ram usage:        2 bytes
 Hardware stack levels used:    1
 This function calls:
		Nothing
 This function is called by:
		_UART2_Initialize
 This function uses a non-reentrant model


 *************** function _UART2_SetRxInterruptHandler *****************
 Defined at:
		line 334 in file "mcc_generated_files/uart/src/uart2.c"
 Parameters:    Size  Location     Type
  InterruptHan    2    0[COMRAM] PTR FTN()void 
		 -> UART2_Receive_ISR(1), 
 Auto vars:     Size  Location     Type
		None
 Return value:  Size  Location     Type
                  1    wreg      void 
 Registers used:
		wreg, status,2, status,0
 Tracked objects:
		On entry : 
		On exit  : 
		Unchanged: 
 Data sizes:     COMRAM   BANK5   BANK6   BANK7   BANK8   BANK9  BANK10  BANK11  BANK12  BANK13  BANK14  BANK15  BANK16  BANK17  BANK18  BANK19  BANK20  BANK21
      Params:         2       0       0       0       0       0       0       0       0       0       0       0       0       0       0       0       0       0
      Locals:         0       0       0       0       0       0       0       0       0       0       0       0       0       0       0       0       0       0
      Temps:          0       0       0       0       0       0       0       0       0       0       0       0       0       0       0       0       0       0
      Totals:         2       0       0       0       0       0       0       0       0       0       0       0       0       0       0       0       0       0
Total ram usage:        2 bytes
 Hardware stack levels used:    1
 This function calls:
		Nothing
 This function is called by:
		_UART2_Initialize
 This function uses a non-reentrant model


 *************** function _UART2_SetOverrunErrorHandler *****************
 Defined at:
		line 309 in file "mcc_generated_files/uart/src/uart2.c"
 Parameters:    Size  Location     Type
  interruptHan    2    0[COMRAM] PTR FTN()void 
		 -> UART2_DefaultOverrunErrorHandler(1), 
 Auto vars:     Size  Location     Type
		None
 Return value:  Size  Location     Type
                  1    wreg      void 
 Registers used:
		wreg, status,2, status,0
 Tracked objects:
		On entry : 
		On exit  : 
		Unchanged: 
 Data sizes:     COMRAM   BANK5   BANK6   BANK7   BANK8   BANK9  BANK10  BANK11  BANK12  BANK13  BANK14  BANK15  BANK16  BANK17  BANK18  BANK19  BANK20  BANK21
      Params:         2       0       0       0       0       0       0       0       0       0       0       0       0       0       0       0       0       0
      Locals:         0       0       0       0       0       0       0       0       0       0       0       0       0       0       0       0       0       0
      Temps:          0       0       0       0       0       0       0       0       0       0       0       0       0       0       0       0       0       0
      Totals:         2       0       0       0       0       0       0       0       0       0       0       0       0       0       0       0       0       0
Total ram usage:        2 bytes
 Hardware stack levels used:    1
 This function calls:
		Nothing
 This function is called by:
		_UART2_Initialize
 This function uses a non-reentrant model


 *************** function _UART2_SetFramingErrorInterruptHandler *****************
 Defined at:
		line 342 in file "mcc_generated_files/uart/src/uart2.c"
 Parameters:    Size  Location     Type
  InterruptHan    2    0[COMRAM] PTR FTN()void 
		 -> UART2_FramingError_ISR(1), 
 Auto vars:     Size  Location     Type
		None
 Return value:  Size  Location     Type
                  1    wreg      void 
 Registers used:
		wreg, status,2, status,0
 Tracked objects:
		On entry : 
		On exit  : 
		Unchanged: 
 Data sizes:     COMRAM   BANK5   BANK6   BANK7   BANK8   BANK9  BANK10  BANK11  BANK12  BANK13  BANK14  BANK15  BANK16  BANK17  BANK18  BANK19  BANK20  BANK21
      Params:         2       0       0       0       0       0       0       0       0       0       0       0       0       0       0       0       0       0
      Locals:         0       0       0       0       0       0       0       0       0       0       0       0       0       0       0       0       0       0
      Temps:          0       0       0       0       0       0       0       0       0       0       0       0       0       0       0       0       0       0
      Totals:         2       0       0       0       0       0       0       0       0       0       0       0       0       0       0       0       0       0
Total ram usage:        2 bytes
 Hardware stack levels used:    1
 This function calls:
		Nothing
 This function is called by:
		_UART2_Initialize
 This function uses a non-reentrant model


 *************** function _UART2_SetFramingErrorHandler *****************
 Defined at:
		line 305 in file "mcc_generated_files/uart/src/uart2.c"
 Parameters:    Size  Location     Type
  interruptHan    2    0[COMRAM] PTR FTN()void 
		 -> UART2_DefaultFramingErrorHandler(1), 
 Auto vars:     Size  Location     Type
		None
 Return value:  Size  Location     Type
                  1    wreg      void 
 Registers used:
		wreg, status,2, status,0
 Tracked objects:
		On entry : 
		On exit  : 
		Unchanged: 
 Data sizes:     COMRAM   BANK5   BANK6   BANK7   BANK8   BANK9  BANK10  BANK11  BANK12  BANK13  BANK14  BANK15  BANK16  BANK17  BANK18  BANK19  BANK20  BANK21
      Params:         2       0       0       0       0       0       0       0       0       0       0       0       0       0       0       0       0       0
      Locals:         0       0       0       0       0       0       0       0       0       0       0       0       0       0       0       0       0       0
      Temps:          0       0       0       0       0       0       0       0       0       0       0       0       0       0       0       0       0       0
      Totals:         2       0       0       0       0       0       0       0       0       0       0       0       0       0       0       0       0       0
Total ram usage:        2 bytes
 Hardware stack levels used:    1
 This function calls:
		Nothing
 This function is called by:
		_UART2_Initialize
 This function uses a non-reentrant model


 *************** function _UART2_SetErrorHandler *****************
 Defined at:
		line 313 in file "mcc_generated_files/uart/src/uart2.c"
 Parameters:    Size  Location     Type
  interruptHan    2    0[COMRAM] PTR FTN()void 
		 -> UART2_DefaultErrorHandler(1), 
 Auto vars:     Size  Location     Type
		None
 Return value:  Size  Location     Type
                  1    wreg      void 
 Registers used:
		wreg, status,2, status,0
 Tracked objects:
		On entry : 
		On exit  : 
		Unchanged: 
 Data sizes:     COMRAM   BANK5   BANK6   BANK7   BANK8   BANK9  BANK10  BANK11  BANK12  BANK13  BANK14  BANK15  BANK16  BANK17  BANK18  BANK19  BANK20  BANK21
      Params:         2       0       0       0       0       0       0       0       0       0       0       0       0       0       0       0       0       0
      Locals:         0       0       0       0       0       0       0       0       0       0       0       0       0       0       0       0       0       0
      Temps:          0       0       0       0       0       0       0       0       0       0       0       0       0       0       0       0       0       0
      Totals:         2       0       0       0       0       0       0       0       0       0       0       0       0       0       0       0       0       0
Total ram usage:        2 bytes
 Hardware stack levels used:    1
 This function calls:
		Nothing
 This function is called by:
		_UART2_Initialize
 This function uses a non-reentrant model


 *************** function _PIN_MANAGER_Initialize *****************
 Defined at:
		line 47 in file "mcc_generated_files/system/src/pins.c"
 Parameters:    Size  Location     Type
		None
 Auto vars:     Size  Location     Type
		None
 Return value:  Size  Location     Type
                  1    wreg      void 
 Registers used:
		wreg, status,2
 Tracked objects:
		On entry : 
		On exit  : 
		Unchanged: 
 Data sizes:     COMRAM   BANK5   BANK6   BANK7   BANK8   BANK9  BANK10  BANK11  BANK12  BANK13  BANK14  BANK15  BANK16  BANK17  BANK18  BANK19  BANK20  BANK21
      Params:         0       0       0       0       0       0       0       0       0       0       0       0       0       0       0       0       0       0
      Locals:         0       0       0       0       0       0       0       0       0       0       0       0       0       0       0       0       0       0
      Temps:          0       0       0       0       0       0       0       0       0       0       0       0       0       0       0       0       0       0
      Totals:         0       0       0       0       0       0       0       0       0       0       0       0       0       0       0       0       0       0
Total ram usage:        0 bytes
 Hardware stack levels used:    1
 This function calls:
		Nothing
 This function is called by:
		_SYSTEM_Initialize
 This function uses a non-reentrant model


 *************** function _INTERRUPT_Initialize *****************
 Defined at:
		line 65 in file "mcc_generated_files/system/src/interrupt.c"
 Parameters:    Size  Location     Type
		None
 Auto vars:     Size  Location     Type
		None
 Return value:  Size  Location     Type
                  1    wreg      void 
 Registers used:
		wreg, status,2, status,0, cstack
 Tracked objects:
		On entry : 
		On exit  : 
		Unchanged: 
 Data sizes:     COMRAM   BANK5   BANK6   BANK7   BANK8   BANK9  BANK10  BANK11  BANK12  BANK13  BANK14  BANK15  BANK16  BANK17  BANK18  BANK19  BANK20  BANK21
      Params:         0       0       0       0       0       0       0       0       0       0       0       0       0       0       0       0       0       0
      Locals:         0       0       0       0       0       0       0       0       0       0       0       0       0       0       0       0       0       0
      Temps:          0       0       0       0       0       0       0       0       0       0       0       0       0       0       0       0       0       0
      Totals:         0       0       0       0       0       0       0       0       0       0       0       0       0       0       0       0       0       0
Total ram usage:        0 bytes
 Hardware stack levels used:    1
 Hardware stack levels required when called:    1
 This function calls:
		_INT0_SetInterruptHandler
		_INT1_SetInterruptHandler
		_INT2_SetInterruptHandler
 This function is called by:
		_SYSTEM_Initialize
 This function uses a non-reentrant model


 *************** function _INT2_SetInterruptHandler *****************
 Defined at:
		line 167 in file "mcc_generated_files/system/src/interrupt.c"
 Parameters:    Size  Location     Type
  InterruptHan    2    0[COMRAM] PTR FTN()void 
		 -> INT2_DefaultInterruptHandler(1), 
 Auto vars:     Size  Location     Type
		None
 Return value:  Size  Location     Type
                  1    wreg      void 
 Registers used:
		wreg, status,2, status,0
 Tracked objects:
		On entry : 
		On exit  : 
		Unchanged: 
 Data sizes:     COMRAM   BANK5   BANK6   BANK7   BANK8   BANK9  BANK10  BANK11  BANK12  BANK13  BANK14  BANK15  BANK16  BANK17  BANK18  BANK19  BANK20  BANK21
      Params:         2       0       0       0       0       0       0       0       0       0       0       0       0       0       0       0       0       0
      Locals:         0       0       0       0       0       0       0       0       0       0       0       0       0       0       0       0       0       0
      Temps:          0       0       0       0       0       0       0       0       0       0       0       0       0       0       0       0       0       0
      Totals:         2       0       0       0       0       0       0       0       0       0       0       0       0       0       0       0       0       0
Total ram usage:        2 bytes
 Hardware stack levels used:    1
 This function calls:
		Nothing
 This function is called by:
		_INTERRUPT_Initialize
 This function uses a non-reentrant model


 *************** function _INT1_SetInterruptHandler *****************
 Defined at:
		line 141 in file "mcc_generated_files/system/src/interrupt.c"
 Parameters:    Size  Location     Type
  InterruptHan    2    0[COMRAM] PTR FTN()void 
		 -> INT1_DefaultInterruptHandler(1), 
 Auto vars:     Size  Location     Type
		None
 Return value:  Size  Location     Type
                  1    wreg      void 
 Registers used:
		wreg, status,2, status,0
 Tracked objects:
		On entry : 
		On exit  : 
		Unchanged: 
 Data sizes:     COMRAM   BANK5   BANK6   BANK7   BANK8   BANK9  BANK10  BANK11  BANK12  BANK13  BANK14  BANK15  BANK16  BANK17  BANK18  BANK19  BANK20  BANK21
      Params:         2       0       0       0       0       0       0       0       0       0       0       0       0       0       0       0       0       0
      Locals:         0       0       0       0       0       0       0       0       0       0       0       0       0       0       0       0       0       0
      Temps:          0       0       0       0       0       0       0       0       0       0       0       0       0       0       0       0       0       0
      Totals:         2       0       0       0       0       0       0       0       0       0       0       0       0       0       0       0       0       0
Total ram usage:        2 bytes
 Hardware stack levels used:    1
 This function calls:
		Nothing
 This function is called by:
		_INTERRUPT_Initialize
 This function uses a non-reentrant model


 *************** function _INT0_SetInterruptHandler *****************
 Defined at:
		line 115 in file "mcc_generated_files/system/src/interrupt.c"
 Parameters:    Size  Location     Type
  InterruptHan    2    0[COMRAM] PTR FTN()void 
		 -> INT0_DefaultInterruptHandler(1), 
 Auto vars:     Size  Location     Type
		None
 Return value:  Size  Location     Type
                  1    wreg      void 
 Registers used:
		wreg, status,2, status,0
 Tracked objects:
		On entry : 
		On exit  : 
		Unchanged: 
 Data sizes:     COMRAM   BANK5   BANK6   BANK7   BANK8   BANK9  BANK10  BANK11  BANK12  BANK13  BANK14  BANK15  BANK16  BANK17  BANK18  BANK19  BANK20  BANK21
      Params:         2       0       0       0       0       0       0       0       0       0       0       0       0       0       0       0       0       0
      Locals:         0       0       0       0       0       0       0       0       0       0       0       0       0       0       0       0       0       0
      Temps:          0       0       0       0       0       0       0       0       0       0       0       0       0       0       0       0       0       0
      Totals:         2       0       0       0       0       0       0       0       0       0       0       0       0       0       0       0       0       0
Total ram usage:        2 bytes
 Hardware stack levels used:    1
 This function calls:
		Nothing
 This function is called by:
		_INTERRUPT_Initialize
 This function uses a non-reentrant model


 *************** function _CLOCK_Initialize *****************
 Defined at:
		line 59 in file "mcc_generated_files/system/src/clock.c"
 Parameters:    Size  Location     Type
		None
 Auto vars:     Size  Location     Type
		None
 Return value:  Size  Location     Type
                  1    wreg      void 
 Registers used:
		wreg, status,2
 Tracked objects:
		On entry : 
		On exit  : 
		Unchanged: 
 Data sizes:     COMRAM   BANK5   BANK6   BANK7   BANK8   BANK9  BANK10  BANK11  BANK12  BANK13  BANK14  BANK15  BANK16  BANK17  BANK18  BANK19  BANK20  BANK21
      Params:         0       0       0       0       0       0       0       0       0       0       0       0       0       0       0       0       0       0
      Locals:         0       0       0       0       0       0       0       0       0       0       0       0       0       0       0       0       0       0
      Temps:          0       0       0       0       0       0       0       0       0       0       0       0       0       0       0       0       0       0
      Totals:         0       0       0       0       0       0       0       0       0       0       0       0       0       0       0       0       0       0
Total ram usage:        0 bytes
 Hardware stack levels used:    1
 This function calls:
		Nothing
 This function is called by:
		_SYSTEM_Initialize
 This function uses a non-reentrant model



MODULE INFORMATION

Module		Function		Class		Link	Load	Size
C:\Program Files\Microchip\xc8\v2.31\pic\sources\c99\common\printf.c
		_printf        		CODE           	19D6	0000	38

C:\Program Files\Microchip\xc8\v2.31\pic\sources\c99\common\printf.c estimated size: 38

mcc_generated_files/system/src/interrupt.c
		_INT0_SetInterruptHandler		CODE           	1ACC	0000	10
		_INT1_SetInterruptHandler		CODE           	1AC2	0000	10
		_INT2_SetInterruptHandler		CODE           	1AB8	0000	10
		_INTERRUPT_Initialize		CODE           	19A2	0000	52

mcc_generated_files/system/src/interrupt.c estimated size: 82

mcc_generated_files/system/src/pins.c
		_PIN_MANAGER_Initialize		CODE           	186A	0000	132

mcc_generated_files/system/src/pins.c estimated size: 132

C:\Program Files\Microchip\xc8\v2.31\pic\sources\c99\common\nf_fputc.c
		_fputc         		CODE           	17D4	0000	150

C:\Program Files\Microchip\xc8\v2.31\pic\sources\c99\common\nf_fputc.c estimated size: 150

shared
		_UART2_Interface		SMALLCONST     	1601	0000	26
		__initialization		CODE           	1A20	0000	24

shared estimated size: 50

C:\Program Files\Microchip\xc8\v2.31\pic\sources\c99\common\doprnt.c
		_vfpfcnvrt     		CODE           	162C	0000	268
		_vfprintf      		CODE           	18EE	0000	100

C:\Program Files\Microchip\xc8\v2.31\pic\sources\c99\common\doprnt.c estimated size: 368

mcc_generated_files/system/src/clock.c
		_CLOCK_Initialize		CODE           	19FC	0000	36

mcc_generated_files/system/src/clock.c estimated size: 36

main.c
		_main          		CODE           	1952	0000	80

main.c estimated size: 80

mcc_generated_files/uart/src/uart2.c
		_UART2_SetUartInterruptHandler		CODE           	1A72	0000	10
		_putch         		CODE           	1A68	0000	10
		_UART2_Write   		CODE           	1A3E	0000	24
		_UART2_SetFramingErrorHandler		CODE           	1AA4	0000	10
		_UART2_SetOverrunErrorHandler		CODE           	1A90	0000	10
		_UART2_SetRxInterruptHandler		CODE           	1A86	0000	10
		_UART2_SetTxInterruptHandler		CODE           	1A7C	0000	10
		_UART2_Initialize		CODE           	1738	0000	156
		_UART2_SetErrorHandler		CODE           	1AAE	0000	10
		_UART2_SetFramingErrorInterruptHandler		CODE           	1A9A	0000	10

mcc_generated_files/uart/src/uart2.c estimated size: 260

mcc_generated_files/system/src/system.c
		_SYSTEM_Initialize		CODE           	1A56	0000	18

mcc_generated_files/system/src/system.c estimated size: 18

